(node:15876) Warning: The 'NO_COLOR' env is ignored due to the 'FORCE_COLOR' env being set.
(Use `node --trace-warnings ...` to show where the warning was created)

=== PASSO 1: Acessar http://localhost:3002/login ===
BROWSER LOG: [vite] connecting...
BROWSER LOG: [vite] connected.
BROWSER LOG: %cDownload the React DevTools for a better development experience: https://reactjs.org/link/react-devtools font-weight:bold
BROWSER LOG: ÔÜá´©Å React Router Future Flag Warning: React Router will begin wrapping state updates in `React.startTransition` in v7. You can use the `v7_startTransition` future flag to opt-in early. For more information, see https://reactrouter.com/v6/upgrading/future#v7_starttransition.
BROWSER LOG: ÔÜá´©Å React Router Future Flag Warning: Relative route resolution within Splat routes is changing in v7. You can use the `v7_relativeSplatPath` future flag to opt-in early. For more information, see https://reactrouter.com/v6/upgrading/future#v7_relativesplatpath.
BROWSER LOG: [DOM] Input elements should have autocomplete attributes (suggested: "current-password"): (More info: https://goo.gl/9p2vKq) %o
Ô£ô P├ígina de login carregada

=== PASSO 2: Fazer login ===
Email preenchido via type="email"
Senha preenchida
BROWSER LOG: Tentando login com: smoke.ui.1773413280987@example.com
BROWSER LOG: Tentando fazer login...
BROWSER LOG: Resposta do login: {hasUser: true, hasSession: true, hasAccessToken: true}
BROWSER LOG: Token salvo no localStorage
BROWSER LOG: Login bem sucedido: smoke.ui.1773413280987@example.com
Bot├úo de login clicado e navega├º├úo aguardada
BROWSER LOG: Tried to use the 'fill' option without the 'Filler' plugin enabled. Please import and register the 'Filler' plugin and make sure it is not disabled in the options
BROWSER LOG: Tried to use the 'fill' option without the 'Filler' plugin enabled. Please import and register the 'Filler' plugin and make sure it is not disabled in the options
URL ap├│s login: http://localhost:3002/
Ô£ô Login realizado com sucesso

=== PASSO 3: Navegar para http://localhost:3002/guias-mei ===
BROWSER LOG: [API Client] Erro de requisi├º├úo {url: /api/categories/budgets/summary, method: GET, headers: Object, error: TypeError: Failed to fetch
    at ApiClient.request (http://localhost:3002/src/services/apiClient.tÔÇª, body: undefined}
BROWSER LOG: [API Client] Erro de requisi├º├úo {url: /api/categories/budgets/summary, method: GET, headers: Object, error: TypeError: Failed to fetch
    at ApiClient.request (http://localhost:3002/src/services/apiClient.tÔÇª, body: undefined}
BROWSER LOG: [API Client] Erro de requisi├º├úo {url: /api/transactions, method: GET, headers: Object, error: TypeError: Failed to fetch
    at ApiClient.request (http://localhost:3002/src/services/apiClient.tÔÇª, body: undefined}
BROWSER LOG: [API Client] Erro de requisi├º├úo {url: /api/categories, method: GET, headers: Object, error: TypeError: Failed to fetch
    at ApiClient.request (http://localhost:3002/src/services/apiClient.tÔÇª, body: undefined}
BROWSER LOG: [API Client] Erro de requisi├º├úo {url: /api/transactions, method: GET, headers: Object, error: TypeError: Failed to fetch
    at ApiClient.request (http://localhost:3002/src/services/apiClient.tÔÇª, body: undefined}
BROWSER LOG: [API Client] Erro de requisi├º├úo {url: /api/transactions, method: GET, headers: Object, error: TypeError: Failed to fetch
    at ApiClient.request (http://localhost:3002/src/services/apiClient.tÔÇª, body: undefined}
BROWSER LOG: [API Client] Erro de requisi├º├úo {url: /api/categories, method: GET, headers: Object, error: TypeError: Failed to fetch
    at ApiClient.request (http://localhost:3002/src/services/apiClient.tÔÇª, body: undefined}
BROWSER LOG: Erro ao buscar resumo de or├ºamento: TypeError: Failed to fetch
    at ApiClient.request (http://localhost:3002/src/services/apiClient.ts:86:24)
    at ApiClient.get (http://localhost:3002/src/services/apiClient.ts:248:17)
    at fetchCategoryBudgetsSummary (http://localhost:3002/src/services/categoryService.ts:45:32)
    at refreshBudgetSummary (http://localhost:3002/src/pages/Dashboard.tsx:77:26)
    at http://localhost:3002/src/pages/Dashboard.tsx:114:5
    at commitHookEffectListMount (http://localhost:3002/node_modules/.vite/deps/chunk-X46TDPRC.js?v=c749a7ef:16915:34)
    at invokePassiveEffectMountInDEV (http://localhost:3002/node_modules/.vite/deps/chunk-X46TDPRC.js?v=c749a7ef:18324:19)
    at invokeEffectsInDev (http://localhost:3002/node_modules/.vite/deps/chunk-X46TDPRC.js?v=c749a7ef:19701:19)
    at commitDoubleInvokeEffectsInDEV (http://localhost:3002/node_modules/.vite/deps/chunk-X46TDPRC.js?v=c749a7ef:19686:15)
    at flushPassiveEffectsImpl (http://localhost:3002/node_modules/.vite/deps/chunk-X46TDPRC.js?v=c749a7ef:19503:13)
BROWSER LOG: Erro ao buscar resumo de or├ºamento: TypeError: Failed to fetch
    at ApiClient.request (http://localhost:3002/src/services/apiClient.ts:86:24)
    at ApiClient.get (http://localhost:3002/src/services/apiClient.ts:248:17)
    at fetchCategoryBudgetsSummary (http://localhost:3002/src/services/categoryService.ts:45:32)
    at refreshBudgetSummary (http://localhost:3002/src/pages/Dashboard.tsx:77:26)
    at http://localhost:3002/src/pages/Dashboard.tsx:114:5
    at commitHookEffectListMount (http://localhost:3002/node_modules/.vite/deps/chunk-X46TDPRC.js?v=c749a7ef:16915:34)
    at commitPassiveMountOnFiber (http://localhost:3002/node_modules/.vite/deps/chunk-X46TDPRC.js?v=c749a7ef:18156:19)
    at commitPassiveMountEffects_complete (http://localhost:3002/node_modules/.vite/deps/chunk-X46TDPRC.js?v=c749a7ef:18129:17)
    at commitPassiveMountEffects_begin (http://localhost:3002/node_modules/.vite/deps/chunk-X46TDPRC.js?v=c749a7ef:18119:15)
    at commitPassiveMountEffects (http://localhost:3002/node_modules/.vite/deps/chunk-X46TDPRC.js?v=c749a7ef:18109:11)
BROWSER LOG: Erro ao buscar categorias: TypeError: Failed to fetch
    at ApiClient.request (http://localhost:3002/src/services/apiClient.ts:86:24)
    at ApiClient.get (http://localhost:3002/src/services/apiClient.ts:248:17)
    at fetchCategories (http://localhost:3002/src/services/categoryService.ts:7:32)
    at http://localhost:3002/src/pages/Dashboard.tsx:100:5
    at commitHookEffectListMount (http://localhost:3002/node_modules/.vite/deps/chunk-X46TDPRC.js?v=c749a7ef:16915:34)
    at invokePassiveEffectMountInDEV (http://localhost:3002/node_modules/.vite/deps/chunk-X46TDPRC.js?v=c749a7ef:18324:19)
    at invokeEffectsInDev (http://localhost:3002/node_modules/.vite/deps/chunk-X46TDPRC.js?v=c749a7ef:19701:19)
    at commitDoubleInvokeEffectsInDEV (http://localhost:3002/node_modules/.vite/deps/chunk-X46TDPRC.js?v=c749a7ef:19686:15)
    at flushPassiveEffectsImpl (http://localhost:3002/node_modules/.vite/deps/chunk-X46TDPRC.js?v=c749a7ef:19503:13)
    at flushPassiveEffects (http://localhost:3002/node_modules/.vite/deps/chunk-X46TDPRC.js?v=c749a7ef:19447:22)
BROWSER LOG: Erro ao buscar categorias: TypeError: Failed to fetch
    at ApiClient.request (http://localhost:3002/src/services/apiClient.ts:86:24)
    at ApiClient.get (http://localhost:3002/src/services/apiClient.ts:248:17)
    at fetchCategories (http://localhost:3002/src/services/categoryService.ts:7:32)
    at http://localhost:3002/src/pages/Dashboard.tsx:100:5
    at commitHookEffectListMount (http://localhost:3002/node_modules/.vite/deps/chunk-X46TDPRC.js?v=c749a7ef:16915:34)
    at commitPassiveMountOnFiber (http://localhost:3002/node_modules/.vite/deps/chunk-X46TDPRC.js?v=c749a7ef:18156:19)
    at commitPassiveMountEffects_complete (http://localhost:3002/node_modules/.vite/deps/chunk-X46TDPRC.js?v=c749a7ef:18129:17)
    at commitPassiveMountEffects_begin (http://localhost:3002/node_modules/.vite/deps/chunk-X46TDPRC.js?v=c749a7ef:18119:15)
    at commitPassiveMountEffects (http://localhost:3002/node_modules/.vite/deps/chunk-X46TDPRC.js?v=c749a7ef:18109:11)
    at flushPassiveEffectsImpl (http://localhost:3002/node_modules/.vite/deps/chunk-X46TDPRC.js?v=c749a7ef:19490:11)
BROWSER LOG: [vite] connecting...
BROWSER LOG: [vite] connected.
BROWSER LOG: %cDownload the React DevTools for a better development experience: https://reactjs.org/link/react-devtools font-weight:bold
BROWSER LOG: [AuthStore] bootstrap session.role: usuario normalized: usuario
BROWSER LOG: ÔÜá´©Å React Router Future Flag Warning: React Router will begin wrapping state updates in `React.startTransition` in v7. You can use the `v7_startTransition` future flag to opt-in early. For more information, see https://reactrouter.com/v6/upgrading/future#v7_starttransition.
BROWSER LOG: ÔÜá´©Å React Router Future Flag Warning: Relative route resolution within Splat routes is changing in v7. You can use the `v7_relativeSplatPath` future flag to opt-in early. For more information, see https://reactrouter.com/v6/upgrading/future#v7_relativesplatpath.
Ô£ô P├ígina guias-mei carregada
URL final: http://localhost:3002/guias-mei

=== PASSO 4: Validar texto do alerta vermelho ===

--- TEXTO DA P├üGINA (primeiros 2000 caracteres) ---

    Finan├ºas PessoaisOl├í, Smoke UIMeu FinanceiroOl├í, Smoke UI!Novidades do sistemaVeja o que mudou desde sua ├║ltima visita.├ùTransa├º├Áes2026-03-09Deixamos a tela de transa├º├Áes mais f├ícil para buscar, filtrar e organizar suas movimenta├º├Áes.ÔÇó Agora ficou mais simples encontrar um lan├ºamento digitando partes do nome ou das observa├º├Áes, mesmo que voc├¬ n├úo escreva exatamente igual.ÔÇó No campo de busca, inclu├¡mos um ├¡cone de filtro para voc├¬ escolher se quer procurar por descri├º├úo, observa├º├Áes, status ou valor.ÔÇó Voc├¬ pode organizar a lista clicando no nome das colunas (como Descri├º├úo, Valor ou Data), mudando entre ordem crescente, decrescente ou voltando ao modo padr├úo.ÔÇó Adicionamos bot├Áes para ver apenas Receitas, apenas Despesas ou tudo junto, com cores verde para receitas e vermelho para despesas.Entendi, pode ocultarMeu MEIGerencie certificado, DAS e emiss├úo de NFSe no mesmo fluxo.Certificado do servidorPer├¡odos DAS0Pend├¬ncias DAS0NFSe exibidas0Status do certificadoCertificado do servidorFluxo do MEINavegue por contexto para reduzir rolagem e focar no que precisa agora.Vis├úo geralResumo e atalhos r├ípidos0 per├¡odos DASCertificado e DASConfigura├º├úo e gera├º├úo de guiasSem pend├¬nciasNFSeEmiss├úo e acompanhamento0 notas no filtroVis├úo geral operacionalEscolha uma etapa para continuar com menos ru├¡do visual.Certificado e DASConfigure certificado, valide CNPJ e gere o DAS do per├¡odo.Certificado pendenteDAS sem pend├¬nciasNFSePreencha dados essenciais e acompanhe o ciclo das notas emitidas.0 notas no filtroEmiss├úo com PlugNotasAtalhosInicioTransa├º├ÁesOr├ºamentosCategoriasMais
    
      // Camada 1: Detec├º├úo de tokens de recupera├º├úo ANTES do React carregar
      (function() {
        const hash = window.location.hash;
        const searchParams = new URLSearchParams(window.location.search);
        
        const hasRecoveryToken = 
          hash.includes('type=recovery') || 
          hash.includes('access_token') ||
          searchParams.get('type') === 'recovery' ||
          s
--- FIM DO TEXTO ---

Ô£ù Texto do alerta vermelho N├âO corresponde ao esperado
Esperado: Aten├º├úo: para emiss├úo de notas fiscais, a empresa emitente precisa estar cadastrada com certificado digital A1 v├ílido.
Encontrado: Certificado pendente

=== PASSO 5: Validar outros elementos ===
Ô£ù Texto "Dados minimos para emis├úo de notas fiscais" N├âO encontrado
Ô£ù Bot├úo "Enviar certificado" N├âO encontrado
Ô£ô Texto "Configura├º├úo PlugNotas (Op├º├úo B via API)" N├âO est├í presente (correto)


========================================
RESULTADO FINAL DO TESTE
========================================
URL Final: http://localhost:3002/guias-mei

Passo 1 (Acessar login): PASS
Passo 2 (Fazer login): PASS
Passo 3 (Navegar para guias-mei): PASS
Passo 4 (Validar alerta vermelho): FAIL
  Texto esperado: Aten├º├úo: para emiss├úo de notas fiscais, a empresa emitente precisa estar cadastrada com certificado digital A1 v├ílido.
  Texto encontrado: Certificado pendente
Passo 5 (Validar outros elementos): FAIL

========================================
RESULTADO GERAL: FAIL
========================================

